<?xml version="1.0" encoding="UTF-8"?>
<testsuites name="jest tests" tests="198" failures="0" errors="0" time="14.775">
  <testsuite name="Events creation" errors="0" failures="0" skipped="0" timestamp="2026-01-11T11:42:28" time="2.118" tests="56">
    <testcase classname="Events creation should create a new event on minimal sane / POST" name="Events creation should create a new event on minimal sane / POST" time="0.291">
    </testcase>
    <testcase classname="Events creation should create a new online event on minimal sane / POST" name="Events creation should create a new online event on minimal sane / POST" time="0.038">
    </testcase>
    <testcase classname="Events creation should create a new online event without application process on minimal sane / POST" name="Events creation should create a new online event without application process on minimal sane / POST" time="0.026">
    </testcase>
    <testcase classname="Events creation should create a new event on exhaustive sane / POST" name="Events creation should create a new event on exhaustive sane / POST" time="0.026">
    </testcase>
    <testcase classname="Events creation should discart superflous fields on overly detailed / POST" name="Events creation should discart superflous fields on overly detailed / POST" time="0.026">
    </testcase>
    <testcase classname="Events creation should return validation errors on malformed / POST" name="Events creation should return validation errors on malformed / POST" time="0.018">
    </testcase>
    <testcase classname="Events creation should return 422 if the locations is not an array" name="Events creation should return 422 if the locations is not an array" time="0.017">
    </testcase>
    <testcase classname="Events creation should fail is the event creator is not an organizer" name="Events creation should fail is the event creator is not an organizer" time="0.01">
    </testcase>
    <testcase classname="Events creation should fail is core request returns net error" name="Events creation should fail is core request returns net error" time="0.013">
    </testcase>
    <testcase classname="Events creation should fail is core request returns garbage" name="Events creation should fail is core request returns garbage" time="0.014">
    </testcase>
    <testcase classname="Events creation should fail is core request returns unsuccessful response" name="Events creation should fail is core request returns unsuccessful response" time="0.011">
    </testcase>
    <testcase classname="Events creation should return 422 if the location is not an object" name="Events creation should return 422 if the location is not an object" time="0.016">
    </testcase>
    <testcase classname="Events creation should return 422 if the location is null" name="Events creation should return 422 if the location is null" time="0.018">
    </testcase>
    <testcase classname="Events creation should return 422 if the location&apos;s name is not set or invalid" name="Events creation should return 422 if the location&apos;s name is not set or invalid" time="0.017">
    </testcase>
    <testcase classname="Events creation should return 422 if the location&apos;s name is empty" name="Events creation should return 422 if the location&apos;s name is empty" time="0.017">
    </testcase>
    <testcase classname="Events creation should return 422 if the location&apos;s object is not an object" name="Events creation should return 422 if the location&apos;s object is not an object" time="0.017">
    </testcase>
    <testcase classname="Events creation should return 422 if the location&apos;s object is null" name="Events creation should return 422 if the location&apos;s object is null" time="0.017">
    </testcase>
    <testcase classname="Events creation should return 422 if the location&apos;s latitude is not set" name="Events creation should return 422 if the location&apos;s latitude is not set" time="0.017">
    </testcase>
    <testcase classname="Events creation should return 422 if the location&apos;s longitude is not set" name="Events creation should return 422 if the location&apos;s longitude is not set" time="0.017">
    </testcase>
    <testcase classname="Events creation should return 200 if the location is ok" name="Events creation should return 200 if the location is ok" time="0.036">
    </testcase>
    <testcase classname="Events creation should return 422 if application period ends after it starts" name="Events creation should return 422 if application period ends after it starts" time="0.017">
    </testcase>
    <testcase classname="Events creation should return 422 if the event ends after it starts" name="Events creation should return 422 if the event ends after it starts" time="0.017">
    </testcase>
    <testcase classname="Events creation should return 422 if the event starts before application period ends" name="Events creation should return 422 if the event starts before application period ends" time="0.016">
    </testcase>
    <testcase classname="Events creation should return 422 if questions is not an array" name="Events creation should return 422 if questions is not an array" time="0.016">
    </testcase>
    <testcase classname="Events creation should return 422 if question is not an object" name="Events creation should return 422 if question is not an object" time="0.017">
    </testcase>
    <testcase classname="Events creation should return 422 if question.description is not a string" name="Events creation should return 422 if question.description is not a string" time="0.016">
    </testcase>
    <testcase classname="Events creation should return 422 if question.description is empty" name="Events creation should return 422 if question.description is empty" time="0.016">
    </testcase>
    <testcase classname="Events creation should return 422 if question.type is not a string" name="Events creation should return 422 if question.type is not a string" time="0.016">
    </testcase>
    <testcase classname="Events creation should return 422 if question.required is not a boolean" name="Events creation should return 422 if question.required is not a boolean" time="0.017">
    </testcase>
    <testcase classname="Events creation should return 422 if question.type = select and values is not an array" name="Events creation should return 422 if question.type = select and values is not an array" time="0.017">
    </testcase>
    <testcase classname="Events creation should return 422 if question.type = select and values has value that is not a string" name="Events creation should return 422 if question.type = select and values has value that is not a string" time="0.016">
    </testcase>
    <testcase classname="Events creation should return 422 if question.type = select and values has value that is empty" name="Events creation should return 422 if question.type = select and values has value that is empty" time="0.017">
    </testcase>
    <testcase classname="Events creation should return 200 if question.type = select and values are okay" name="Events creation should return 200 if question.type = select and values are okay" time="0.032">
    </testcase>
    <testcase classname="Events creation should return 422 if question.type is invalid" name="Events creation should return 422 if question.type is invalid" time="0.016">
    </testcase>
    <testcase classname="Events creation should return 200 if the fee is float" name="Events creation should return 200 if the fee is float" time="0.025">
    </testcase>
    <testcase classname="Events creation should return 200 if the optional fee is int" name="Events creation should return 200 if the optional fee is int" time="0.024">
    </testcase>
    <testcase classname="Events creation should return 422 if fee is not a number" name="Events creation should return 422 if fee is not a number" time="0.017">
    </testcase>
    <testcase classname="Events creation should return 422 if fee is negative" name="Events creation should return 422 if fee is negative" time="0.016">
    </testcase>
    <testcase classname="Events creation should return 422 if meals per day is not a number" name="Events creation should return 422 if meals per day is not a number" time="0.016">
    </testcase>
    <testcase classname="Events creation should return 422 if meals per day is negative" name="Events creation should return 422 if meals per day is negative" time="0.016">
    </testcase>
    <testcase classname="Events creation should return 422 if meals per day is more than 4" name="Events creation should return 422 if meals per day is more than 4" time="0.02">
    </testcase>
    <testcase classname="Events creation should return 422 if accommodation type is not set" name="Events creation should return 422 if accommodation type is not set" time="0.015">
    </testcase>
    <testcase classname="Events creation should return 422 if URL is invalid" name="Events creation should return 422 if URL is invalid" time="0.016">
    </testcase>
    <testcase classname="Events creation should return 422 if URL contains numbers only" name="Events creation should return 422 if URL contains numbers only" time="0.015">
    </testcase>
    <testcase classname="Events creation should return 422 if URL is not unique" name="Events creation should return 422 if URL is not unique" time="0.054">
    </testcase>
    <testcase classname="Events creation should return 200 if URL is valid" name="Events creation should return 200 if URL is valid" time="0.023">
    </testcase>
    <testcase classname="Events creation should return 422 if organizing_bodies is not an array" name="Events creation should return 422 if organizing_bodies is not an array" time="0.013">
    </testcase>
    <testcase classname="Events creation should return 422 if organizing_bodies is empty" name="Events creation should return 422 if organizing_bodies is empty" time="0.014">
    </testcase>
    <testcase classname="Events creation should return 422 if organizing_bodies.body is not an object" name="Events creation should return 422 if organizing_bodies.body is not an object" time="0.011">
    </testcase>
    <testcase classname="Events creation should return 422 if organizing_bodies[].body_id is not a number" name="Events creation should return 422 if organizing_bodies[].body_id is not a number" time="0.013">
    </testcase>
    <testcase classname="Events creation should fail if body request returns net error" name="Events creation should fail if body request returns net error" time="0.014">
    </testcase>
    <testcase classname="Events creation should fail if body request returns bad response" name="Events creation should fail if body request returns bad response" time="0.016">
    </testcase>
    <testcase classname="Events creation should fail if body request returns unsuccessful response" name="Events creation should fail if body request returns unsuccessful response" time="0.014">
    </testcase>
    <testcase classname="Events creation should return an error if organizers is not an array" name="Events creation should return an error if organizers is not an array" time="0.013">
    </testcase>
    <testcase classname="Events creation should return an error if body name is not a string" name="Events creation should return an error if body name is not a string" time="0.002">
    </testcase>
    <testcase classname="Events creation should return an error if body name is empty" name="Events creation should return an error if body name is empty" time="0.003">
    </testcase>
  </testsuite>
  <testsuite name="Events status change" errors="0" failures="0" skipped="0" timestamp="2026-01-11T11:42:30" time="0.998" tests="25">
    <testcase classname="Events status change should include the event that can be changed in approvable events" name="Events status change should include the event that can be changed in approvable events" time="0.291">
    </testcase>
    <testcase classname="Events status change should not include the event that cannot be changed in approvable events" name="Events status change should not include the event that cannot be changed in approvable events" time="0.017">
    </testcase>
    <testcase classname="Events status change draft -&gt; submitted should work for LOs" name="Events status change draft -&gt; submitted should work for LOs" time="0.036">
    </testcase>
    <testcase classname="Events status change draft -&gt; submitted should work for those with permissions" name="Events status change draft -&gt; submitted should work for those with permissions" time="0.031">
    </testcase>
    <testcase classname="Events status change draft -&gt; submitted should not work otherwise" name="Events status change draft -&gt; submitted should not work otherwise" time="0.018">
    </testcase>
    <testcase classname="Events status change draft -&gt; submitted should not set the publication date" name="Events status change draft -&gt; submitted should not set the publication date" time="0.031">
    </testcase>
    <testcase classname="Events status change draft -&gt; published should not work whatsoever" name="Events status change draft -&gt; published should not work whatsoever" time="0.017">
    </testcase>
    <testcase classname="Events status change submitted -&gt; published should not work for LOs" name="Events status change submitted -&gt; published should not work for LOs" time="0.017">
    </testcase>
    <testcase classname="Events status change submitted -&gt; published should work for those with permissions" name="Events status change submitted -&gt; published should work for those with permissions" time="0.035">
    </testcase>
    <testcase classname="Events status change submitted -&gt; published should not work otherwise" name="Events status change submitted -&gt; published should not work otherwise" time="0.034">
    </testcase>
    <testcase classname="Events status change submitted -&gt; published should set the publication date" name="Events status change submitted -&gt; published should set the publication date" time="0.028">
    </testcase>
    <testcase classname="Events status change submitted -&gt; draft should not work for LOs" name="Events status change submitted -&gt; draft should not work for LOs" time="0.017">
    </testcase>
    <testcase classname="Events status change submitted -&gt; draft should work for those with permissions" name="Events status change submitted -&gt; draft should work for those with permissions" time="0.026">
    </testcase>
    <testcase classname="Events status change submitted -&gt; draft should not work otherwise" name="Events status change submitted -&gt; draft should not work otherwise" time="0.017">
    </testcase>
    <testcase classname="Events status change published -&gt; submitted should not work for LOs" name="Events status change published -&gt; submitted should not work for LOs" time="0.017">
    </testcase>
    <testcase classname="Events status change published -&gt; submitted should work for those with permissions" name="Events status change published -&gt; submitted should work for those with permissions" time="0.026">
    </testcase>
    <testcase classname="Events status change published -&gt; submitted should not work otherwise" name="Events status change published -&gt; submitted should not work otherwise" time="0.017">
    </testcase>
    <testcase classname="Events status change published -&gt; draft should not work whatsoever" name="Events status change published -&gt; draft should not work whatsoever" time="0.017">
    </testcase>
    <testcase classname="Events status change setting approval fields should not allow changing status from draft if budget is null" name="Events status change setting approval fields should not allow changing status from draft if budget is null" time="0.017">
    </testcase>
    <testcase classname="Events status change setting approval fields should not allow changing status from draft if budget is empty" name="Events status change setting approval fields should not allow changing status from draft if budget is empty" time="0.016">
    </testcase>
    <testcase classname="Events status change setting approval fields should not allow changing status from draft if programme is null" name="Events status change setting approval fields should not allow changing status from draft if programme is null" time="0.015">
    </testcase>
    <testcase classname="Events status change setting approval fields should not allow changing status from draft if programme is empty" name="Events status change setting approval fields should not allow changing status from draft if programme is empty" time="0.018">
    </testcase>
    <testcase classname="Events status change if mailer fails should return 500 if mailer returns net error" name="Events status change if mailer fails should return 500 if mailer returns net error" time="0.023">
    </testcase>
    <testcase classname="Events status change if mailer fails should return 500 if mailer returns bad response" name="Events status change if mailer fails should return 500 if mailer returns bad response" time="0.025">
    </testcase>
    <testcase classname="Events status change if mailer fails should return 500 if mailer returns unsuccessful response" name="Events status change if mailer fails should return 500 if mailer returns unsuccessful response" time="0.024">
    </testcase>
  </testsuite>
  <testsuite name="Events listing" errors="0" failures="0" skipped="0" timestamp="2026-01-11T11:42:31" time="0.737" tests="18">
    <testcase classname="Events listing should work without authorization on / GET" name="Events listing should work without authorization on / GET" time="0.254">
    </testcase>
    <testcase classname="Events listing should list all published on / GET" name="Events listing should list all published on / GET" time="0.022">
    </testcase>
    <testcase classname="Events listing should use the default limit if limit is NaN" name="Events listing should use the default limit if limit is NaN" time="0.013">
    </testcase>
    <testcase classname="Events listing should use the default limit if limit is &lt; 0" name="Events listing should use the default limit if limit is &lt; 0" time="0.018">
    </testcase>
    <testcase classname="Events listing should work with limit if limit is &gt; 0" name="Events listing should work with limit if limit is &gt; 0" time="0.02">
    </testcase>
    <testcase classname="Events listing should use the default offset if offset is NaN" name="Events listing should use the default offset if offset is NaN" time="0.011">
    </testcase>
    <testcase classname="Events listing should use the default offset if offset is &lt; 0" name="Events listing should use the default offset if offset is &lt; 0" time="0.012">
    </testcase>
    <testcase classname="Events listing should work with offset if offset is &gt; 0" name="Events listing should work with offset if offset is &gt; 0" time="0.021">
    </testcase>
    <testcase classname="Events listing should display only specified event types if specified and if multiple types are specified" name="Events listing should display only specified event types if specified and if multiple types are specified" time="0.024">
    </testcase>
    <testcase classname="Events listing should display only specified event types if specified and if single type is specified" name="Events listing should display only specified event types if specified and if single type is specified" time="0.02">
    </testcase>
    <testcase classname="Events listing should filter by start date" name="Events listing should filter by start date" time="0.02">
    </testcase>
    <testcase classname="Events listing should filter by end date" name="Events listing should filter by end date" time="0.022">
    </testcase>
    <testcase classname="Events listing should filter by name case-insensitive" name="Events listing should filter by name case-insensitive" time="0.017">
    </testcase>
    <testcase classname="Events listing should filter by description case-insensitive" name="Events listing should filter by description case-insensitive" time="0.018">
    </testcase>
    <testcase classname="Events listing should sort events properly" name="Events listing should sort events properly" time="0.023">
    </testcase>
    <testcase classname="Events listing should list most recent events per body" name="Events listing should list most recent events per body" time="0.022">
    </testcase>
    <testcase classname="Events listing should not list most recent events in the future" name="Events listing should not list most recent events in the future" time="0.021">
    </testcase>
    <testcase classname="Events listing should only list most recent events that are set as European events" name="Events listing should only list most recent events that are set as European events" time="0.02">
    </testcase>
  </testsuite>
  <testsuite name="Events application creating" errors="0" failures="0" skipped="0" timestamp="2026-01-11T11:42:32" time="0.86" tests="17">
    <testcase classname="Events application creating should disallow application for events with closed deadline" name="Events application creating should disallow application for events with closed deadline" time="0.238">
    </testcase>
    <testcase classname="Events application creating should disallow application for online events without application process" name="Events application creating should disallow application for online events without application process" time="0.02">
    </testcase>
    <testcase classname="Events application creating should not add the application if the person is not a member of a body" name="Events application creating should not add the application if the person is not a member of a body" time="0.019">
    </testcase>
    <testcase classname="Events application creating should return 422 if agreed_to_privacy_policy = false" name="Events application creating should return 422 if agreed_to_privacy_policy = false" time="0.135">
    </testcase>
    <testcase classname="Events application creating should return 422 if answers is not an array" name="Events application creating should return 422 if answers is not an array" time="0.022">
    </testcase>
    <testcase classname="Events application creating should return 422 if answer number mismatch questions number" name="Events application creating should return 422 if answer number mismatch questions number" time="0.021">
    </testcase>
    <testcase classname="Events application creating should return 422 if question.type = string, but answer is not a string" name="Events application creating should return 422 if question.type = string, but answer is not a string" time="0.02">
    </testcase>
    <testcase classname="Events application creating should return 422 if question.type = text, but answer is not a string" name="Events application creating should return 422 if question.type = text, but answer is not a string" time="0.021">
    </testcase>
    <testcase classname="Events application creating should return 422 if question.type = string, but answer is empty" name="Events application creating should return 422 if question.type = string, but answer is empty" time="0.027">
    </testcase>
    <testcase classname="Events application creating should return 422 if question.type = text, but answer is not a string" name="Events application creating should return 422 if question.type = text, but answer is not a string" time="0.02">
    </testcase>
    <testcase classname="Events application creating should return 422 if question.type = number, but answer is not a number" name="Events application creating should return 422 if question.type = number, but answer is not a number" time="0.018">
    </testcase>
    <testcase classname="Events application creating should return 200 if question.type = number, but answer is a number" name="Events application creating should return 200 if question.type = number, but answer is a number" time="0.028">
    </testcase>
    <testcase classname="Events application creating should return 422 if question.type = select, but answer is not in values" name="Events application creating should return 422 if question.type = select, but answer is not in values" time="0.019">
    </testcase>
    <testcase classname="Events application creating should return 200 if question.type = select, but answer is in values" name="Events application creating should return 200 if question.type = select, but answer is in values" time="0.028">
    </testcase>
    <testcase classname="Events application creating should return 422 if question.type = checkbox, but answer is not a boolean" name="Events application creating should return 422 if question.type = checkbox, but answer is not a boolean" time="0.019">
    </testcase>
    <testcase classname="Events application creating should return 422 if question.type = checkbox and is required, but answer is not true" name="Events application creating should return 422 if question.type = checkbox and is required, but answer is not true" time="0.02">
    </testcase>
    <testcase classname="Events application creating should return 200 if question.type = checkbox, but answer is boolean" name="Events application creating should return 200 if question.type = checkbox, but answer is boolean" time="0.027">
    </testcase>
  </testsuite>
  <testsuite name="Events application editing" errors="0" failures="0" skipped="0" timestamp="2026-01-11T11:42:33" time="0.681" tests="5">
    <testcase classname="Events application editing should disallow editing your application for events with closed deadline" name="Events application editing should disallow editing your application for events with closed deadline" time="0.314">
    </testcase>
    <testcase classname="Events application editing should update other application if you have global permissions" name="Events application editing should update other application if you have global permissions" time="0.086">
    </testcase>
    <testcase classname="Events application editing should update your application if you do not have global permissions" name="Events application editing should update your application if you do not have global permissions" time="0.053">
    </testcase>
    <testcase classname="Events application editing should update the application body if provided" name="Events application editing should update the application body if provided" time="0.05">
    </testcase>
    <testcase classname="Events application editing should fail if body_id is not provided, but user is not a member" name="Events application editing should fail if body_id is not provided, but user is not a member" time="0.035">
    </testcase>
  </testsuite>
  <testsuite name="Events editing" errors="0" failures="0" skipped="0" timestamp="2026-01-11T11:42:34" time="0.838" tests="11">
    <testcase classname="Events editing should disallow event editing if the user doesn&apos;t have rights to do it" name="Events editing should disallow event editing if the user doesn&apos;t have rights to do it" time="0.306">
    </testcase>
    <testcase classname="Events editing should update an event on a sane /single/&lt;eventid&gt; PUT" name="Events editing should update an event on a sane /single/&lt;eventid&gt; PUT" time="0.042">
    </testcase>
    <testcase classname="Events editing should update the organizers if requested" name="Events editing should update the organizers if requested" time="0.044">
    </testcase>
    <testcase classname="Events editing should store the changes on update after a sane /single/&lt;eventid&gt; PUT" name="Events editing should store the changes on update after a sane /single/&lt;eventid&gt; PUT" time="0.045">
    </testcase>
    <testcase classname="Events editing should ignore superflous fields on overly detailed /single/&lt;eventid&gt; PUT" name="Events editing should ignore superflous fields on overly detailed /single/&lt;eventid&gt; PUT" time="0.044">
    </testcase>
    <testcase classname="Events editing should return a validation error on malformed /single/&lt;eventid&gt; PUT" name="Events editing should return a validation error on malformed /single/&lt;eventid&gt; PUT" time="0.021">
    </testcase>
    <testcase classname="Events editing should fail if no organizers are set" name="Events editing should fail if no organizers are set" time="0.021">
    </testcase>
    <testcase classname="Events editing should disallow event deleting if the user doesn&apos;t have rights" name="Events editing should disallow event deleting if the user doesn&apos;t have rights" time="0.028">
    </testcase>
    <testcase classname="Events editing should hide an event from / GET but keep it for /single GET after /single DELETE" name="Events editing should hide an event from / GET but keep it for /single GET after /single DELETE" time="0.046">
    </testcase>
    <testcase classname="Events editing should update the bodies if provided" name="Events editing should update the bodies if provided" time="0.042">
    </testcase>
    <testcase classname="Events editing should not change the European Event status on normal edit request" name="Events editing should not change the European Event status on normal edit request" time="0.044">
    </testcase>
  </testsuite>
  <testsuite name="Events details" errors="0" failures="0" skipped="0" timestamp="2026-01-11T11:42:35" time="0.585" tests="6">
    <testcase classname="Events details should return a single event on /single/&lt;eventid&gt; GET by ID" name="Events details should return a single event on /single/&lt;eventid&gt; GET by ID" time="0.298">
    </testcase>
    <testcase classname="Events details should return a single event on /single/&lt;eventid&gt; GET by URL" name="Events details should return a single event on /single/&lt;eventid&gt; GET by URL" time="0.024">
    </testcase>
    <testcase classname="Events details should return a 404 on arbitrary eventids on /single/id GET" name="Events details should return a 404 on arbitrary eventids on /single/id GET" time="0.016">
    </testcase>
    <testcase classname="Events details should not return special fields if the user does not have rights" name="Events details should not return special fields if the user does not have rights" time="0.021">
    </testcase>
    <testcase classname="Events details should not return event if it&apos;s deleted" name="Events details should not return event if it&apos;s deleted" time="0.022">
    </testcase>
    <testcase classname="Events details should not return event if it&apos;s not published" name="Events details should not return event if it&apos;s not published" time="0.024">
    </testcase>
  </testsuite>
  <testsuite name="File upload" errors="0" failures="0" skipped="0" timestamp="2026-01-11T11:42:35" time="0.6" tests="7">
    <testcase classname="File upload should create an upload folder if it doesn&apos;t exist" name="File upload should create an upload folder if it doesn&apos;t exist" time="0.26">
    </testcase>
    <testcase classname="File upload should fail if the uploaded file is not an image (by extension)" name="File upload should fail if the uploaded file is not an image (by extension)" time="0.026">
    </testcase>
    <testcase classname="File upload should fail if the uploaded file is not an image (by content)" name="File upload should fail if the uploaded file is not an image (by content)" time="0.025">
    </testcase>
    <testcase classname="File upload should fail the &apos;head_image&apos; field is not specified" name="File upload should fail the &apos;head_image&apos; field is not specified" time="0.026">
    </testcase>
    <testcase classname="File upload should upload a file if it&apos;s valid" name="File upload should upload a file if it&apos;s valid" time="0.027">
    </testcase>
    <testcase classname="File upload should upload a file if it&apos;s valid, but has extension in capital letters" name="File upload should upload a file if it&apos;s valid, but has extension in capital letters" time="0.027">
    </testcase>
    <testcase classname="File upload should remove the old file" name="File upload should remove the old file" time="0.052">
    </testcase>
  </testsuite>
  <testsuite name="API requests" errors="0" failures="0" skipped="0" timestamp="2026-01-11T11:42:36" time="0.6" tests="12">
    <testcase classname="API requests should fail if the user is unauthorized for autnorized-only endpoint" name="API requests should fail if the user is unauthorized for autnorized-only endpoint" time="0.29">
    </testcase>
    <testcase classname="API requests should fail if the oms-core is unaccessible for user" name="API requests should fail if the oms-core is unaccessible for user" time="0.01">
    </testcase>
    <testcase classname="API requests should fail if the oms-core returns non-JSON data for user" name="API requests should fail if the oms-core returns non-JSON data for user" time="0.024">
    </testcase>
    <testcase classname="API requests should fail if the oms-core returns unsuccessful response for user" name="API requests should fail if the oms-core returns unsuccessful response for user" time="0.017">
    </testcase>
    <testcase classname="API requests should fail if the oms-core is unaccessible for permissions" name="API requests should fail if the oms-core is unaccessible for permissions" time="0.009">
    </testcase>
    <testcase classname="API requests should fail if the oms-core returns non-JSON data for permissions" name="API requests should fail if the oms-core returns non-JSON data for permissions" time="0.016">
    </testcase>
    <testcase classname="API requests should fail if the oms-core returns unsuccessful response for permissions" name="API requests should fail if the oms-core returns unsuccessful response for permissions" time="0.016">
    </testcase>
    <testcase classname="API requests should fail if the oms-core is unaccessible for approve permissions" name="API requests should fail if the oms-core is unaccessible for approve permissions" time="0.014">
    </testcase>
    <testcase classname="API requests should fail if the oms-core returns non-JSON data for approve permissions" name="API requests should fail if the oms-core returns non-JSON data for approve permissions" time="0.016">
    </testcase>
    <testcase classname="API requests should fail if the oms-core returns unsuccessful response for approve permissions" name="API requests should fail if the oms-core returns unsuccessful response for approve permissions" time="0.017">
    </testcase>
    <testcase classname="API requests should fail if body is not JSON" name="API requests should fail if body is not JSON" time="0.006">
    </testcase>
    <testcase classname="API requests should fail on accessing non-existant endpoint" name="API requests should fail on accessing non-existant endpoint" time="0.015">
    </testcase>
  </testsuite>
  <testsuite name="Events application listing" errors="0" failures="0" skipped="0" timestamp="2026-01-11T11:42:36" time="0.622" tests="5">
    <testcase classname="Events application listing should return 403 if you cannot view applications" name="Events application listing should return 403 if you cannot view applications" time="0.289">
    </testcase>
    <testcase classname="Events application listing should display applications if you can see them" name="Events application listing should display applications if you can see them" time="0.04">
    </testcase>
    <testcase classname="Events application listing should sort applications properly" name="Events application listing should sort applications properly" time="0.065">
    </testcase>
    <testcase classname="Events application listing should not display events I haven&apos;t applied at /mine/participating" name="Events application listing should not display events I haven&apos;t applied at /mine/participating" time="0.037">
    </testcase>
    <testcase classname="Events application listing should display events I&apos;ve applied at /mine/participating" name="Events application listing should display events I&apos;ve applied at /mine/participating" time="0.043">
    </testcase>
  </testsuite>
  <testsuite name="Applications attendance" errors="0" failures="0" skipped="0" timestamp="2026-01-11T11:42:37" time="0.681" tests="5">
    <testcase classname="Applications attendance should succeed when the permissions are okay" name="Applications attendance should succeed when the permissions are okay" time="0.076">
    </testcase>
    <testcase classname="Applications attendance should fail if the application is not marked as confirmed" name="Applications attendance should fail if the application is not marked as confirmed" time="0.056">
    </testcase>
    <testcase classname="Applications attendance should return 403 when user does not have permissions" name="Applications attendance should return 403 when user does not have permissions" time="0.052">
    </testcase>
    <testcase classname="Applications attendance should return 404 if the application is not found" name="Applications attendance should return 404 if the application is not found" time="0.026">
    </testcase>
    <testcase classname="Applications attendance should return 422 if attended is invalid" name="Applications attendance should return 422 if attended is invalid" time="0.056">
    </testcase>
  </testsuite>
  <testsuite name="Applications confirmation" errors="0" failures="0" skipped="0" timestamp="2026-01-11T11:42:38" time="0.714" tests="5">
    <testcase classname="Applications confirmation should succeed when the permissions are okay" name="Applications confirmation should succeed when the permissions are okay" time="0.076">
    </testcase>
    <testcase classname="Applications confirmation should return 403 when user does not have permissions" name="Applications confirmation should return 403 when user does not have permissions" time="0.057">
    </testcase>
    <testcase classname="Applications confirmation should return 404 if the application is not found" name="Applications confirmation should return 404 if the application is not found" time="0.029">
    </testcase>
    <testcase classname="Applications confirmation should return 422 if confirmed is invalid" name="Applications confirmation should return 422 if confirmed is invalid" time="0.054">
    </testcase>
    <testcase classname="Applications confirmation should return 422 on unsetting confirmed if attended is true" name="Applications confirmation should return 422 on unsetting confirmed if attended is true" time="0.054">
    </testcase>
  </testsuite>
  <testsuite name="Export all" errors="0" failures="0" skipped="0" timestamp="2026-01-11T11:42:38" time="0.53" tests="3">
    <testcase classname="Export all should return nothing if no applications" name="Export all should return nothing if no applications" time="0.274">
    </testcase>
    <testcase classname="Export all should return fields if only cancelled applications" name="Export all should return fields if only cancelled applications" time="0.068">
    </testcase>
    <testcase classname="Export all should return 403 if you have no permissions to access" name="Export all should return 403 if you have no permissions to access" time="0.044">
    </testcase>
  </testsuite>
  <testsuite name="Events application comments" errors="0" failures="0" skipped="0" timestamp="2026-01-11T11:42:39" time="0.626" tests="4">
    <testcase classname="Events application comments should disallow changing comment if you don&apos;t have rights for it" name="Events application comments should disallow changing comment if you don&apos;t have rights for it" time="0.331">
    </testcase>
    <testcase classname="Events application comments should disallow changing status if the application is not found" name="Events application comments should disallow changing status if the application is not found" time="0.06">
    </testcase>
    <testcase classname="Events application comments should return 400 if the application ID is not a number" name="Events application comments should return 400 if the application ID is not a number" time="0.037">
    </testcase>
    <testcase classname="Events application comments should allow changing status if everything is okay" name="Events application comments should allow changing status if everything is okay" time="0.054">
    </testcase>
  </testsuite>
  <testsuite name="Events set European Event" errors="0" failures="0" skipped="0" timestamp="2026-01-11T11:42:40" time="0.586" tests="4">
    <testcase classname="Events set European Event should fail setting European Event status if no permissions" name="Events set European Event should fail setting European Event status if no permissions" time="0.314">
    </testcase>
    <testcase classname="Events set European Event should return a validation error on malformed body for changing European Event status" name="Events set European Event should return a validation error on malformed body for changing European Event status" time="0.034">
    </testcase>
    <testcase classname="Events set European Event should succeed changing European Event status on sane request" name="Events set European Event should succeed changing European Event status on sane request" time="0.035">
    </testcase>
    <testcase classname="Events set European Event should succeed changing European Event status back to true" name="Events set European Event should succeed changing European Event status back to true" time="0.054">
    </testcase>
  </testsuite>
  <testsuite name="Events application info" errors="0" failures="0" skipped="0" timestamp="2026-01-11T11:42:40" time="0.624" tests="4">
    <testcase classname="Events application info should return 404 if application is not found" name="Events application info should return 404 if application is not found" time="0.271">
    </testcase>
    <testcase classname="Events application info should return 403 when not having the global permission and trying to edit other application" name="Events application info should return 403 when not having the global permission and trying to edit other application" time="0.064">
    </testcase>
    <testcase classname="Events application info should display my application" name="Events application info should display my application" time="0.075">
    </testcase>
    <testcase classname="Events application info should display other user application if have global permission" name="Events application info should display other user application if have global permission" time="0.055">
    </testcase>
  </testsuite>
  <testsuite name="Events application boardview" errors="0" failures="0" skipped="0" timestamp="2026-01-11T11:42:41" time="0.61" tests="4">
    <testcase classname="Events application boardview should return an error if you are not a boardmember of this body" name="Events application boardview should return an error if you are not a boardmember of this body" time="0.264">
    </testcase>
    <testcase classname="Events application boardview should return an error if bodyId is not a number" name="Events application boardview should return an error if bodyId is not a number" time="0.029">
    </testcase>
    <testcase classname="Events application boardview should display the application of the current body" name="Events application boardview should display the application of the current body" time="0.063">
    </testcase>
    <testcase classname="Events application boardview should not display the application of other bodies" name="Events application boardview should not display the application of other bodies" time="0.051">
    </testcase>
  </testsuite>
  <testsuite name="Events application status" errors="0" failures="0" skipped="0" timestamp="2026-01-11T11:42:42" time="0.564" tests="3">
    <testcase classname="Events application status should disallow changing status if you don&apos;t have rights for it" name="Events application status should disallow changing status if you don&apos;t have rights for it" time="0.311">
    </testcase>
    <testcase classname="Events application status should disallow changing status if applications is not found" name="Events application status should disallow changing status if applications is not found" time="0.039">
    </testcase>
    <testcase classname="Events application status should allow changing status if everything is okay" name="Events application status should allow changing status if everything is okay" time="0.069">
    </testcase>
  </testsuite>
  <testsuite name="Event organizing listing" errors="0" failures="0" skipped="0" timestamp="2026-01-11T11:42:42" time="0.508" tests="2">
    <testcase classname="Event organizing listing should list events where the user is organizer on /mine/organizing GET" name="Event organizing listing should list events where the user is organizer on /mine/organizing GET" time="0.318">
    </testcase>
    <testcase classname="Event organizing listing should not include events where the user is not organizer on /mine/organizing GET" name="Event organizing listing should not include events where the user is not organizer on /mine/organizing GET" time="0.045">
    </testcase>
  </testsuite>
  <testsuite name="Metrics requests" errors="0" failures="0" skipped="0" timestamp="2026-01-11T11:42:43" time="0.452" tests="2">
    <testcase classname="Metrics requests should return data correctly on /metrics" name="Metrics requests should return data correctly on /metrics" time="0.298">
    </testcase>
    <testcase classname="Metrics requests should return data correctly on /metrics/requests" name="Metrics requests should return data correctly on /metrics/requests" time="0.011">
    </testcase>
  </testsuite>
</testsuites>